INFO: Server started
INFO: User login successful
WARNING: High memory usage
ERROR: Database connection failed
INFO: Request completed
ERROR: Timeout occurred
ERROR: Skyrim VI
